// Jest Snapshot v1, https://jestjs.io/docs/snapshot-testing

exports[`snapshot for APp component 1`] = `
<div>
  <div>
    <a
      href="https://vite.dev"
      target="_blank"
    >
      <img
        alt="Vite logo"
        class="logo"
        src="/test-file-stub.svg"
      />
    </a>
    <a
      href="https://react.dev"
      target="_blank"
    >
      <img
        alt="React logo"
        class="logo react"
        src="/test-file-stub.svg"
        title="React logo"
      />
    </a>
  </div>
  <h1>
    Vite + React
  </h1>
  <div
    class="card"
  >
    <button>
      count is 
      0
    </button>
    <p>
      Edit 
      <code>
        src/App.tsx
      </code>
       and save to test HMR
    </p>
  </div>
  <p
    class="read-the-docs"
  >
    Click on the Vite and React logos to learn more
  </p>
  <input
    name="Username"
    placeholder="Enter your name"
    type="text"
    value=""
  />
  <input
    name="Password"
    placeholder="Enter your password"
    type="text"
  />
  <button
    name="Submit"
  >
    Submit
  </button>
  <h1 />
</div>
`;
